Initialized native services in: C:\Users\willow\.gradle\native
Initialized jansi services in: C:\Users\willow\.gradle\native
The client will now receive all logging from the daemon (pid: 552). The daemon log file: C:\Users\willow\.gradle\daemon\8.12.1\daemon-552.out.log
Starting 23rd build in daemon [uptime: 1 hrs 17 mins 46.268 secs, performance: 100%, GC rate: 0.00/s, heap usage: 0% of 2 GiB, non-heap usage: 22% of 512 MiB]
Using 24 worker leases.
Configuration on demand is an incubating feature.
Now considering [C:\Users\willow\IdeaProjects\fabric-AnimeWitchery-1.20.x] as hierarchies to watch
Watching the file system is configured to be enabled if available
File system watching is active
Starting Build
Settings evaluated using settings file 'C:\Users\willow\IdeaProjects\fabric-AnimeWitchery-1.20.x\settings.gradle'.
Using local directory build cache for the root build (location = C:\Users\willow\.gradle\caches\build-cache-1, remove unused entries = after 7 days).
Projects loaded. Root project using build file 'C:\Users\willow\IdeaProjects\fabric-AnimeWitchery-1.20.x\build.gradle'.
Included projects: [root project 'fabric-AnimeWitchery-1.20.x']

> Configure project :
Evaluating root project 'fabric-AnimeWitchery-1.20.x' using build file 'C:\Users\willow\IdeaProjects\fabric-AnimeWitchery-1.20.x\build.gradle'.
Resolved plugin [id: 'fabric-loom', version: '1.10-SNAPSHOT']
Resolved plugin [id: 'maven-publish']
Fabric Loom: 1.10.5
(kotlin.metadata.jvm.KotlinClassMetadata) with version (2.0.21-release-482) was loaded from (/C:/Users/willow/.gradle/caches/modules-2/files-2.1/org.jetbrains.kotlin/kotlin-metadata-jvm/2.0.21/dd8294df485f71ba735d14173a286e3f3eef44f9/kotlin-metadata-jvm-2.0.21.jar)
(org.objectweb.asm.ClassVisitor) with version (9.7.1) was loaded from (/C:/Users/willow/.gradle/caches/modules-2/files-2.1/org.ow2.asm/asm/9.7.1/f0ed132a49244b042cd0e15702ab9f2ce3cc8436/asm-9.7.1.jar)
(org.objectweb.asm.tree.analysis.Analyzer) with version (9.7.1) was loaded from (/C:/Users/willow/.gradle/caches/modules-2/files-2.1/org.ow2.asm/asm-analysis/9.7.1/f97a3b319f0ed6a8cd944dc79060d3912a28985f/asm-analysis-9.7.1.jar)
(org.objectweb.asm.commons.ClassRemapper) with version (9.7.1) was loaded from (/C:/Users/willow/.gradle/caches/modules-2/files-2.1/org.ow2.asm/asm-commons/9.7.1/406c6a2225cfe1819f102a161e54cc16a5c24f75/asm-commons-9.7.1.jar)
(org.objectweb.asm.tree.ClassNode) with version (9.7.1) was loaded from (/C:/Users/willow/.gradle/caches/modules-2/files-2.1/org.ow2.asm/asm-tree/9.7.1/3a53139787663b139de76b627fca0084ab60d32c/asm-tree-9.7.1.jar)
(org.objectweb.asm.util.ASMifier) with version (9.7.1) was loaded from (/C:/Users/willow/.gradle/caches/modules-2/files-2.1/org.ow2.asm/asm-util/9.7.1/9e23359b598ec6b74b23e53110dd5c577adf2243/asm-util-9.7.1.jar)
(com.google.gson.Gson) with version (null) was loaded from (/C:/Users/willow/.gradle/caches/modules-2/files-2.1/com.google.code.gson/gson/2.10.1/b3add478d4382b78ea20b1671390a858002feb6c/gson-2.10.1.jar)
(com.google.common.base.Preconditions) with version (null) was loaded from (/C:/Users/willow/.gradle/caches/modules-2/files-2.1/com.google.guava/guava/33.0.0-jre/161ba27964a62f241533807a46b8711b13c1d94b/guava-33.0.0-jre.jar)
(org.apache.commons.io.FileUtils) with version (2.15.1) was loaded from (/C:/Users/willow/.gradle/caches/modules-2/files-2.1/commons-io/commons-io/2.15.1/f11560da189ab563a5c8e351941415430e9304ea/commons-io-2.15.1.jar)
:setting up loom dependencies
Applying installer data from C:\Users\willow\.gradle\caches\modules-2\files-2.1\net.fabricmc\fabric-loader\0.16.10\dbd932c2a3641d2c41cf9abfe47e140a5753fa86\fabric-loader-0.16.10.jar
Found another installer JSON in (C:\Users\willow\.gradle\caches\modules-2\files-2.1\net.fabricmc\fabric-loader\0.16.10\dbd932c2a3641d2c41cf9abfe47e140a5753fa86\fabric-loader-0.16.10.jar), ignoring
Configuring compiler arguments for Java
Adding mixin to classpath of AP config: annotationProcessor
Adding mixin to classpath of AP config: testAnnotationProcessor
Task name matched 'build'
Selected primary task 'build' from project :
Could not find refmap definition, will be using default name: animewitchery-refmap.json
file or directory 'C:\Users\willow\IdeaProjects\fabric-AnimeWitchery-1.20.x\src\test\resources', not found
All projects evaluated.
file or directory 'C:\Users\willow\IdeaProjects\fabric-AnimeWitchery-1.20.x\src\test\resources', not found
Tasks to be executed: [task ':compileJava', task ':processResources', task ':classes', task ':jar', task ':compileTestJava', task ':processIncludeJars', task ':remapJar', task ':sourcesJar', task ':remapSourcesJar', task ':assemble', task ':processTestResources', task ':testClasses', task ':test', task ':validateAccessWidener', task ':check', task ':build']
Tasks that were excluded: []
Resolve mutations for :compileJava (Thread[Execution worker,5,main]) started.
:compileJava (Thread[Execution worker,5,main]) started.

> Task :compileJava UP-TO-DATE
Build cache key for task ':compileJava' is a45992d88c9390729c5af1dbe33ced7c
Skipping task ':compileJava' as it is up-to-date.
Resolve mutations for :processResources (Thread[Execution worker,5,main]) started.
:processResources (Thread[Execution worker,5,main]) started.

> Task :processResources UP-TO-DATE
Caching disabled for task ':processResources' because:
  Not worth caching
Skipping task ':processResources' as it is up-to-date.
Resolve mutations for :classes (Thread[Execution worker,5,main]) started.
:classes (Thread[Execution worker Thread 5,5,main]) started.

> Task :classes UP-TO-DATE
Skipping task ':classes' as it has no actions.
Resolve mutations for :jar (Thread[Execution worker Thread 5,5,main]) started.
:jar (Thread[Execution worker Thread 5,5,main]) started.

> Task :jar UP-TO-DATE
Caching disabled for task ':jar' because:
  Not worth caching
Skipping task ':jar' as it is up-to-date.
Resolve mutations for :compileTestJava (Thread[Execution worker Thread 5,5,main]) started.
:compileTestJava (Thread[Execution worker Thread 5,5,main]) started.

> Task :compileTestJava NO-SOURCE
Skipping task ':compileTestJava' as it has no source files and no previous output files.
Resolve mutations for :processIncludeJars (Thread[Execution worker Thread 5,5,main]) started.
:processIncludeJars (Thread[Execution worker Thread 8,5,main]) started.

> Task :processIncludeJars UP-TO-DATE
Caching disabled for task ':processIncludeJars' because:
  Caching has not been enabled for the task
Skipping task ':processIncludeJars' as it is up-to-date.
Resolve mutations for :remapJar (Thread[Execution worker Thread 8,5,main]) started.
file or directory 'C:\Users\willow\IdeaProjects\fabric-AnimeWitchery-1.20.x\src\test\resources', not found
:remapJar (Thread[Execution worker Thread 8,5,main]) started.

> Task :remapJar UP-TO-DATE
Caching disabled for task ':remapJar' because:
  Caching has not been enabled for the task
Skipping task ':remapJar' as it is up-to-date.
Resolve mutations for :sourcesJar (Thread[Execution worker Thread 8,5,main]) started.
:sourcesJar (Thread[Execution worker Thread 8,5,main]) started.

> Task :sourcesJar
Caching disabled for task ':sourcesJar' because:
  Not worth caching
Task ':sourcesJar' is not up-to-date because:
  Input property 'rootSpec$1' file C:\Users\willow\IdeaProjects\fabric-AnimeWitchery-1.20.x\src\main\java\net\willowins\animewitchery\block\entity\AlchemyTableBlockEntity.java has changed.
  Input property 'rootSpec$1' file C:\Users\willow\IdeaProjects\fabric-AnimeWitchery-1.20.x\src\main\java\net\willowins\animewitchery\events\AlchemyEnchantmentHandler.java has changed.
  Input property 'rootSpec$1' file C:\Users\willow\IdeaProjects\fabric-AnimeWitchery-1.20.x\src\main\java\net\willowins\animewitchery\events\SpellbookEnchantingHandler.java has changed.
  and more...
Resolve mutations for :remapSourcesJar (Thread[Execution worker Thread 8,5,main]) started.
:remapSourcesJar (Thread[Execution worker Thread 8,5,main]) started.
Resolve mutations for :processTestResources (Thread[Execution worker Thread 10,5,main]) started.
:processTestResources (Thread[Execution worker Thread 10,5,main]) started.

> Task :processTestResources NO-SOURCE
Skipping task ':processTestResources' as it has no source files and no previous output files.
Resolve mutations for :testClasses (Thread[Execution worker Thread 10,5,main]) started.
:testClasses (Thread[Execution worker Thread 10,5,main]) started.

> Task :testClasses UP-TO-DATE
Skipping task ':testClasses' as it has no actions.
Resolve mutations for :test (Thread[Execution worker Thread 3,5,main]) started.
:test (Thread[Execution worker Thread 3,5,main]) started.

> Task :test NO-SOURCE
Skipping task ':test' as it has no source files and no previous output files.
Resolve mutations for :validateAccessWidener (Thread[Execution worker Thread 3,5,main]) started.
:validateAccessWidener (Thread[Execution worker Thread 3,5,main]) started.

> Task :validateAccessWidener NO-SOURCE
Skipping task ':validateAccessWidener' as it has no source files and no previous output files.
Resolve mutations for :check (Thread[Execution worker Thread 3,5,main]) started.
:check (Thread[Execution worker Thread 6,5,main]) started.

> Task :check UP-TO-DATE
Skipping task ':check' as it has no actions.

> Task :remapSourcesJar
Caching disabled for task ':remapSourcesJar' because:
  Caching has not been enabled for the task
Task ':remapSourcesJar' is not up-to-date because:
  Input property 'input' file C:\Users\willow\IdeaProjects\fabric-AnimeWitchery-1.20.x\build\devlibs\animewitchery-1.25-1.20.1-sources.jar has changed.
  Input property 'inputFile' file C:\Users\willow\IdeaProjects\fabric-AnimeWitchery-1.20.x\build\devlibs\animewitchery-1.25-1.20.1-sources.jar has changed.
Resolve mutations for :assemble (Thread[Execution worker Thread 8,5,main]) started.
:assemble (Thread[Execution worker Thread 8,5,main]) started.

> Task :assemble
Skipping task ':assemble' as it has no actions.
Resolve mutations for :build (Thread[Execution worker Thread 8,5,main]) started.
:build (Thread[Execution worker Thread 8,5,main]) started.

> Task :build
Skipping task ':build' as it has no actions.

[Incubating] Problems report is available at: file:///C:/Users/willow/IdeaProjects/fabric-AnimeWitchery-1.20.x/build/reports/problems/problems-report.html

Deprecated Gradle features were used in this build, making it incompatible with Gradle 9.0.

You can use '--warning-mode all' to show the individual deprecation warnings and determine if they come from your own scripts or plugins.

For more on this, please refer to https://docs.gradle.org/8.12.1/userguide/command_line_interface.html#sec:command_line_warnings in the Gradle documentation.

BUILD SUCCESSFUL in 6s
7 actionable tasks: 2 executed, 5 up-to-date
Watched directory hierarchies: [C:\Users\willow\IdeaProjects\fabric-AnimeWitchery-1.20.x]
